2026-03-02 08:32:12,263 [INFO] [PhysicalDevice(name='/physical_device:GPU:0', device_type='GPU'), PhysicalDevice(name='/physical_device:GPU:1', device_type='GPU')]
2026-03-02 08:32:12,326 [INFO] Loading flows from /mnt/data/capstone/GeneratedLabelledFlows/TrafficLabelling/portscan_cleaned_short.csv
2026-03-02 08:32:12,847 [INFO] Converting CIC-IDS-2017 columns to pyflowmeter columns
2026-03-02 08:32:12,900 [INFO] Loaded 131072 rows from /mnt/data/capstone/GeneratedLabelledFlows/TrafficLabelling/portscan_cleaned_short.csv
2026-03-02 08:32:12,951 [INFO] Train/xval/test split: 91750 / 19661 / 19661 rows
2026-03-02 08:32:12,951 [INFO] Converting training flows to tensors
2026-03-02 08:32:12,951 [INFO] Flow count: 91750
2026-03-02 08:32:12,952 [INFO] Available feature names: ['flow_duration', 'tot_fwd_pkts', 'totlen_fwd_pkts', 'flow_byts_s', 'flow_pkts_s', 'down_up_ratio', 'fwd_pkt_len_mean', 'fwd_pkt_len_max', 'bwd_pkt_len_mean', 'bwd_pkt_len_max', 'pkt_len_mean', 'pkt_len_std', 'fwd_iat_mean', 'bwd_iat_mean', 'flow_iat_mean', 'flow_iat_std', 'fin_flag_cnt', 'syn_flag_cnt', 'rst_flag_cnt', 'psh_flag_cnt', 'ack_flag_cnt', 'urg_flag_cnt', 'init_fwd_win_byts', 'init_bwd_win_byts', 'fwd_header_len', 'fwd_blk_rate_avg', 'bwd_blk_rate_avg', 'fwd_act_data_pkts', 'active_mean', 'active_std']
2026-03-02 08:32:12,956 [INFO] Fitting and scaling node features
2026-03-02 08:32:12,977 [INFO] Converting node features to TensorFlow constant
2026-03-02 08:32:12,993 [INFO] Creating flow edges
2026-03-02 08:35:06,502 [INFO] Flows converted to tensors
2026-03-02 08:35:06,527 [INFO] Flows converted to tensors
2026-03-02 08:35:06,527 [INFO] Node features shape: (91750, 30)
2026-03-02 08:35:06,527 [INFO] Node features dtype: <dtype: 'float32'>
2026-03-02 08:35:06,527 [INFO] Adjacency shape: (91750, 91750)
2026-03-02 08:35:06,527 [INFO] Adjacency non-zero entries: 1848780474
2026-03-02 08:35:06,527 [INFO] Labels: [0 1 0 ... 1 1 0]
2026-03-02 08:35:06,527 [INFO] Converting cross-validation set to tensors
2026-03-02 08:35:06,527 [INFO] Flow count: 19661
2026-03-02 08:35:06,527 [INFO] Available feature names: ['flow_duration', 'tot_fwd_pkts', 'totlen_fwd_pkts', 'flow_byts_s', 'flow_pkts_s', 'down_up_ratio', 'fwd_pkt_len_mean', 'fwd_pkt_len_max', 'bwd_pkt_len_mean', 'bwd_pkt_len_max', 'pkt_len_mean', 'pkt_len_std', 'fwd_iat_mean', 'bwd_iat_mean', 'flow_iat_mean', 'flow_iat_std', 'fin_flag_cnt', 'syn_flag_cnt', 'rst_flag_cnt', 'psh_flag_cnt', 'ack_flag_cnt', 'urg_flag_cnt', 'init_fwd_win_byts', 'init_bwd_win_byts', 'fwd_header_len', 'fwd_blk_rate_avg', 'bwd_blk_rate_avg', 'fwd_act_data_pkts', 'active_mean', 'active_std']
2026-03-02 08:35:06,529 [INFO] Scaling node features with pre-fitted scaler
2026-03-02 08:35:06,530 [INFO] Converting node features to TensorFlow constant
2026-03-02 08:35:06,545 [INFO] Creating flow edges
2026-03-02 08:35:14,002 [INFO] Flows converted to tensors
2026-03-02 08:35:14,006 [INFO] Training model
2026-03-02 08:35:14,006 [INFO] Normalizing adjacency matrix
2026-03-02 08:35:47,701 [INFO] Class weights: {0: 0.6893416880794603, 1: 1.820364271259077}
